Started: 15:52:34
Testing BLOCKING MPI implementation
Testing started.
Comm Type: blocking_mpi
CPU wall-clock time for multi-GPU test_SPMV: 2.424110 ms
CPU wall-clock time for multi-GPU test_SPMV: 2.045883 ms
CPU wall-clock time for multi-GPU test_SPMV: 2.041467 ms
CPU wall-clock time for multi-GPU test_SPMV: 2.032923 ms
CPU wall-clock time for multi-GPU test_SPMV: 2.014204 ms
CPU wall-clock time for multi-GPU test_SPMV: 2.010461 ms
CPU wall-clock time for multi-GPU test_SPMV: 2.004284 ms
CPU wall-clock time for multi-GPU test_SPMV: 1.998876 ms
CPU wall-clock time for multi-GPU test_SPMV: 1.994941 ms
CPU wall-clock time for multi-GPU test_SPMV: 1.984061 ms
CPU wall-clock time for single-GPU test_SPMV: 1.732805 ms
CPU wall-clock time for single-GPU test_SPMV: 1.500749 ms
CPU wall-clock time for single-GPU test_SPMV: 1.479119 ms
CPU wall-clock time for single-GPU test_SPMV: 1.479279 ms
CPU wall-clock time for single-GPU test_SPMV: 1.476622 ms
CPU wall-clock time for single-GPU test_SPMV: 1.479374 ms
CPU wall-clock time for single-GPU test_SPMV: 1.469550 ms
CPU wall-clock time for single-GPU test_SPMV: 1.467662 ms
CPU wall-clock time for single-GPU test_SPMV: 1.475022 ms
CPU wall-clock time for single-GPU test_SPMV: 1.455343 ms
++++++
SPMV is correct for multi GPU
++++++
Testing done.
==PROF== Connected to process 273630 (/users/nrottstegge/github/HighPerformanceHPCG_Thesis/build/HPCGLib/testing/run_multi_GPU_tests)
==PROF== Profiling "pipelined_columnMajor_multi_GPU_SPMV_kernel": 0%
==WARNING== Backing up device memory in system memory. Kernel replay might be slow. Consider using "--replay-mode application" to avoid memory save-and-restore.
....50%....100% - 39 passes
==PROF== Profiling "pipelined_columnMajor_multi_GPU_SPMV_kernel": 0%....50%....100% - 39 passes
==PROF== Profiling "pipelined_columnMajor_multi_GPU_SPMV_kernel": 0%....50%....100% - 39 passes
==PROF== Profiling "pipelined_columnMajor_multi_GPU_SPMV_kernel": 0%....50%....100% - 39 passes
==PROF== Profiling "pipelined_columnMajor_multi_GPU_SPMV_kernel": 0%....50%....100% - 39 passes
==PROF== Profiling "pipelined_columnMajor_multi_GPU_SPMV_kernel": 0%....50%....100% - 39 passes
==PROF== Profiling "pipelined_columnMajor_multi_GPU_SPMV_kernel": 0%....50%....100% - 39 passes
==PROF== Profiling "pipelined_columnMajor_multi_GPU_SPMV_kernel": 0%....50%....100% - 39 passes
==PROF== Profiling "pipelined_columnMajor_multi_GPU_SPMV_kernel": 0%....50%....100% - 39 passes
==PROF== Profiling "pipelined_columnMajor_multi_GPU_SPMV_kernel": 0%....50%....100% - 38 passes
Testing started.
Comm Type: blocking_mpi
CPU wall-clock time for multi-GPU test_SPMV: 6269.890564 ms
CPU wall-clock time for multi-GPU test_SPMV: 4232.749974 ms
CPU wall-clock time for multi-GPU test_SPMV: 4619.361048 ms
CPU wall-clock time for multi-GPU test_SPMV: 4230.777305 ms
CPU wall-clock time for multi-GPU test_SPMV: 4243.341681 ms
CPU wall-clock time for multi-GPU test_SPMV: 4232.487839 ms
CPU wall-clock time for multi-GPU test_SPMV: 4220.239773 ms
CPU wall-clock time for multi-GPU test_SPMV: 4234.223684 ms
CPU wall-clock time for multi-GPU test_SPMV: 4223.088540 ms
CPU wall-clock time for multi-GPU test_SPMV: 3906.680024 ms
CPU wall-clock time for single-GPU test_SPMV: 2.301875 ms
CPU wall-clock time for single-GPU test_SPMV: 1.485966 ms
CPU wall-clock time for single-GPU test_SPMV: 1.481198 ms
CPU wall-clock time for single-GPU test_SPMV: 1.487118 ms
CPU wall-clock time for single-GPU test_SPMV: 1.490894 ms
CPU wall-clock time for single-GPU test_SPMV: 1.487886 ms
CPU wall-clock time for single-GPU test_SPMV: 1.484621 ms
CPU wall-clock time for single-GPU test_SPMV: 1.480078 ms
CPU wall-clock time for single-GPU test_SPMV: 1.481486 ms
CPU wall-clock time for single-GPU test_SPMV: 1.480750 ms
++++++
SPMV is correct for multi GPU
++++++
Testing done.
==PROF== Disconnected from process 273630
==PROF== Report: /users/nrottstegge/github/HighPerformanceHPCG_Thesis/build/my_report.ncu-rep
Finished: 15:54:13
DONE.
